v2 tensors 468721 neutral (v2 label-1 not-697) sites 151
v1 sample parts=2 T=670 G=3000 (w 7.67) N=4500 (w 49.97)
VCF e053_linear records 6240 min PROB 0.5
VCF e053_graph records 57 min PROB 0.107
VCF e053_ownPoN records 1114 min PROB 0.509
VCF N_linear records 902 min PROB 0.503
VCF N_all records 3702 min PROB 0.1
VCF N_ownPoN records 641 min PROB 0.503
PoN-annotated sites 58670
PoN agreement: {('own_removed', 'repo_removed', 'af001_removed'): 4487, ('own_removed', 'repo_removed', 'af001_kept'): 639, ('own_kept', 'repo_kept', 'af001_kept'): 1050, ('own_kept', 'repo_removed', 'af001_removed'): 32, ('own_kept', 'repo_removed', 'af001_kept'): 32}

row | ceiling | R@P.05 R@P.10 R@P.15 R@P.20 | P@R.5 P@R.7 P@R.8 P@R.9 | maxF1 (P, R)
noPoN | v2 base AF>=0.0 | GRCh38 FP | 0.950 | 0.927 0.801 0.594 0.359 | 0.174 0.116 0.102 0.068 | 0.265 (0.184, 0.476)
noPoN | v2 base AF>=0.0 | + off-ref FP | 0.950 | 0.920 0.726 0.539 0.241 | 0.157 0.103 0.091 0.059 | 0.247 (0.167, 0.476)
noPoN | v2 base AF>=0.08 | GRCh38 FP | 0.950 | 0.928 0.816 0.624 0.416 | 0.186 0.123 0.107 0.071 | 0.279 (0.198, 0.476)
noPoN | v2 base AF>=0.08 | + off-ref FP | 0.950 | 0.922 0.768 0.568 0.359 | 0.168 0.109 0.095 0.062 | 0.260 (0.179, 0.476)
noPoN | v2 scalars AF>=0.0 | GRCh38 FP | 0.950 | 0.912 0.786 0.618 0.438 | 0.183 0.120 0.095 0.057 | 0.287 (0.242, 0.353)
noPoN | v2 scalars AF>=0.0 | + off-ref FP | 0.950 | 0.902 0.750 0.574 0.406 | 0.170 0.110 0.086 0.050 | 0.278 (0.230, 0.353)
noPoN | v2 scalars AF>=0.08 | GRCh38 FP | 0.950 | 0.915 0.799 0.637 0.482 | 0.196 0.127 0.100 0.061 | 0.302 (0.263, 0.353)
noPoN | v2 scalars AF>=0.08 | + off-ref FP | 0.950 | 0.911 0.768 0.608 0.441 | 0.182 0.116 0.091 0.054 | 0.292 (0.251, 0.350)
noPoN | v2 keephard_w100 AF>=0.0 | GRCh38 FP | 0.950 | 0.934 0.847 0.489 0.317 | 0.147 0.127 0.113 0.084 | 0.256 (0.244, 0.268)
noPoN | v2 keephard_w100 AF>=0.0 | + off-ref FP | 0.950 | 0.931 0.841 0.482 0.317 | 0.146 0.125 0.110 0.078 | 0.255 (0.254, 0.255)
noPoN | v2 keephard_w100 AF>=0.08 | GRCh38 FP | 0.950 | 0.935 0.849 0.492 0.317 | 0.149 0.129 0.114 0.086 | 0.258 (0.248, 0.268)
noPoN | v2 keephard_w100 AF>=0.08 | + off-ref FP | 0.950 | 0.933 0.845 0.489 0.317 | 0.147 0.127 0.112 0.080 | 0.257 (0.246, 0.268)
noPoN | v2 allnon_w100 AF>=0.0 | GRCh38 FP | 0.950 | 0.924 0.852 0.552 0.337 | 0.163 0.130 0.111 0.079 | 0.261 (0.185, 0.443)
noPoN | v2 allnon_w100 AF>=0.0 | + off-ref FP | 0.950 | 0.915 0.818 0.492 0.261 | 0.148 0.121 0.103 0.071 | 0.241 (0.166, 0.443)
noPoN | v2 allnon_w100 AF>=0.08 | GRCh38 FP | 0.950 | 0.924 0.862 0.575 0.353 | 0.166 0.132 0.112 0.081 | 0.265 (0.189, 0.443)
noPoN | v2 allnon_w100 AF>=0.08 | + off-ref FP | 0.950 | 0.918 0.824 0.501 0.284 | 0.150 0.122 0.105 0.073 | 0.244 (0.169, 0.443)
noPoN | v1 e067 published (sample est.) | GRCh38 FP | 0.947 | 0.920 0.908 0.003 0.003 | 0.104 0.104 0.104 0.103 | 0.185 (0.103, 0.897)
noPoN | v1 e067 published (sample est.) | FP non-germline only | 0.947 | 0.944 0.925 0.914 0.911 | 1.000 1.000 1.000 0.807 | 0.898 (1.000, 0.815)
noPoN | v1 e053 (VCF, PROB>=0.5) | GRCh38 FP | 0.872 | 0.872 0.872 0.010 0.001 | 0.103 0.103 0.102   n/a | 0.183 (0.102, 0.859) | at0.5 {'TP': 608, 'FP': 5442, 'P': 0.1005, 'R': 0.8723}
noPoN | v1 HG008N-added graph e064 (VCF, PROB>=0.5) | GRCh38 FP | 0.874 | 0.874 0.874 0.874 0.874 | 0.995 0.990 0.977   n/a | 0.897 (0.947, 0.852) | at0.5 {'TP': 609, 'FP': 72, 'P': 0.8943, 'R': 0.8737}
PoN_repo | v2 base AF>=0.0 | GRCh38 FP | 0.845 | 0.844 0.841 0.838 0.834 | 0.513 0.426 0.357   n/a | 0.535 (0.417, 0.745)
PoN_repo | v2 base AF>=0.0 | + off-ref FP | 0.845 | 0.842 0.834 0.832 0.812 | 0.386 0.281 0.222   n/a | 0.437 (0.378, 0.518)
PoN_repo | v2 base AF>=0.08 | GRCh38 FP | 0.845 | 0.844 0.842 0.841 0.835 | 0.565 0.467 0.391   n/a | 0.565 (0.456, 0.745)
PoN_repo | v2 base AF>=0.08 | + off-ref FP | 0.845 | 0.842 0.835 0.832 0.816 | 0.418 0.303 0.238   n/a | 0.457 (0.408, 0.518)
PoN_repo | v2 scalars AF>=0.0 | GRCh38 FP | 0.845 | 0.844 0.839 0.834 0.828 | 0.553 0.437 0.304   n/a | 0.552 (0.510, 0.601)
PoN_repo | v2 scalars AF>=0.0 | + off-ref FP | 0.845 | 0.839 0.832 0.821 0.793 | 0.440 0.307 0.189   n/a | 0.477 (0.433, 0.531)
PoN_repo | v2 scalars AF>=0.08 | GRCh38 FP | 0.845 | 0.844 0.839 0.834 0.832 | 0.608 0.479 0.335   n/a | 0.580 (0.561, 0.601)
PoN_repo | v2 scalars AF>=0.08 | + off-ref FP | 0.845 | 0.842 0.834 0.825 0.803 | 0.479 0.333 0.205   n/a | 0.500 (0.473, 0.531)
PoN_repo | v2 keephard_w100 AF>=0.0 | GRCh38 FP | 0.845 | 0.845 0.845 0.844 0.839 | 0.621 0.564 0.456   n/a | 0.625 (0.576, 0.683)
PoN_repo | v2 keephard_w100 AF>=0.0 | + off-ref FP | 0.845 | 0.845 0.839 0.835 0.829 | 0.594 0.519 0.350   n/a | 0.601 (0.537, 0.683)
PoN_repo | v2 keephard_w100 AF>=0.08 | GRCh38 FP | 0.845 | 0.845 0.845 0.844 0.842 | 0.642 0.584 0.481   n/a | 0.637 (0.566, 0.730)
PoN_repo | v2 keephard_w100 AF>=0.08 | + off-ref FP | 0.845 | 0.845 0.841 0.835 0.831 | 0.613 0.537 0.367   n/a | 0.613 (0.556, 0.683)
PoN_repo | v2 allnon_w100 AF>=0.0 | GRCh38 FP | 0.845 | 0.845 0.845 0.842 0.838 | 0.631 0.548 0.495   n/a | 0.624 (0.535, 0.748)
PoN_repo | v2 allnon_w100 AF>=0.0 | + off-ref FP | 0.845 | 0.845 0.839 0.832 0.824 | 0.444 0.398 0.337   n/a | 0.512 (0.419, 0.660)
PoN_repo | v2 allnon_w100 AF>=0.08 | GRCh38 FP | 0.845 | 0.845 0.845 0.845 0.841 | 0.650 0.564 0.517   n/a | 0.635 (0.551, 0.748)
PoN_repo | v2 allnon_w100 AF>=0.08 | + off-ref FP | 0.845 | 0.845 0.839 0.832 0.824 | 0.456 0.408 0.350   n/a | 0.521 (0.420, 0.684)
PoN_repo | v1 e067 published (sample est.) | GRCh38 FP | 0.842 | 0.842 0.839 0.838 0.834 | 0.575 0.575 0.543   n/a | 0.652 (0.552, 0.795)
PoN_repo | v1 e067 published (sample est.) | FP non-germline only | 0.842 | 0.842 0.839 0.839 0.838 | 1.000 1.000 0.918   n/a | 0.857 (0.918, 0.803)
PoN_repo | v1 e053 (VCF, PROB>=0.5) | GRCh38 FP | 0.796 | 0.796 0.796 0.796 0.796 | 0.574 0.571   n/a   n/a | 0.656 (0.564, 0.785) | at0.5 {'TP': 555, 'FP': 455, 'P': 0.5495, 'R': 0.7963}
PoN_repo | v1 HG008N-added graph e064 (VCF, PROB>=0.5) | GRCh38 FP | 0.798 | 0.798 0.798 0.798 0.798 | 1.000 1.000   n/a   n/a | 0.879 (0.981, 0.796) | at0.5 {'TP': 556, 'FP': 16, 'P': 0.972, 'R': 0.7977}
PoN_af001 | v2 base AF>=0.0 | GRCh38 FP | 0.907 | 0.904 0.900 0.894 0.889 | 0.422 0.336 0.300 0.099 | 0.471 (0.383, 0.611)
PoN_af001 | v2 base AF>=0.0 | + off-ref FP | 0.907 | 0.901 0.894 0.879 0.828 | 0.334 0.244 0.217 0.058 | 0.404 (0.332, 0.515)
PoN_af001 | v2 base AF>=0.08 | GRCh38 FP | 0.907 | 0.905 0.901 0.895 0.891 | 0.463 0.364 0.323 0.114 | 0.497 (0.419, 0.611)
PoN_af001 | v2 base AF>=0.08 | + off-ref FP | 0.907 | 0.902 0.894 0.884 0.841 | 0.361 0.262 0.232 0.064 | 0.423 (0.359, 0.515)
PoN_af001 | v2 scalars AF>=0.0 | GRCh38 FP | 0.907 | 0.905 0.892 0.882 0.861 | 0.453 0.346 0.276 0.062 | 0.489 (0.431, 0.565)
PoN_af001 | v2 scalars AF>=0.0 | + off-ref FP | 0.907 | 0.900 0.882 0.852 0.808 | 0.377 0.268 0.205 0.044 | 0.438 (0.367, 0.544)
PoN_af001 | v2 scalars AF>=0.08 | GRCh38 FP | 0.907 | 0.905 0.898 0.887 0.871 | 0.497 0.376 0.298 0.073 | 0.515 (0.474, 0.565)
PoN_af001 | v2 scalars AF>=0.08 | + off-ref FP | 0.907 | 0.901 0.887 0.862 0.819 | 0.411 0.289 0.220 0.050 | 0.461 (0.401, 0.544)
PoN_af001 | v2 keephard_w100 AF>=0.0 | GRCh38 FP | 0.907 | 0.907 0.905 0.900 0.895 | 0.460 0.409 0.372 0.150 | 0.521 (0.405, 0.730)
PoN_af001 | v2 keephard_w100 AF>=0.0 | + off-ref FP | 0.907 | 0.905 0.898 0.891 0.881 | 0.447 0.392 0.347 0.087 | 0.505 (0.386, 0.730)
PoN_af001 | v2 keephard_w100 AF>=0.08 | GRCh38 FP | 0.907 | 0.907 0.907 0.904 0.895 | 0.473 0.419 0.381 0.167 | 0.529 (0.415, 0.730)
PoN_af001 | v2 keephard_w100 AF>=0.08 | + off-ref FP | 0.907 | 0.907 0.898 0.895 0.884 | 0.459 0.402 0.355 0.095 | 0.514 (0.396, 0.730)
PoN_af001 | v2 allnon_w100 AF>=0.0 | GRCh38 FP | 0.907 | 0.905 0.905 0.898 0.889 | 0.485 0.417 0.366 0.141 | 0.526 (0.448, 0.636)
PoN_af001 | v2 allnon_w100 AF>=0.0 | + off-ref FP | 0.907 | 0.905 0.894 0.882 0.875 | 0.372 0.332 0.294 0.079 | 0.453 (0.352, 0.636)
PoN_af001 | v2 allnon_w100 AF>=0.08 | GRCh38 FP | 0.907 | 0.905 0.905 0.902 0.892 | 0.496 0.426 0.373 0.160 | 0.533 (0.459, 0.636)
PoN_af001 | v2 allnon_w100 AF>=0.08 | + off-ref FP | 0.907 | 0.905 0.897 0.887 0.877 | 0.380 0.339 0.300 0.087 | 0.460 (0.360, 0.636)
PoN_af001 | v1 e067 published (sample est.) | GRCh38 FP | 0.902 | 0.902 0.900 0.894 0.888 | 0.351 0.351 0.345 0.077 | 0.491 (0.345, 0.851)
PoN_af001 | v1 e067 published (sample est.) | FP non-germline only | 0.902 | 0.902 0.900 0.900 0.898 | 1.000 1.000 0.923 0.091 | 0.890 (0.923, 0.859)
PoN_af001 | v1 e053 (VCF, PROB>=0.5) | GRCh38 FP | 0.852 | 0.852 0.852 0.852 0.852 | 0.369 0.369 0.363   n/a | 0.507 (0.363, 0.841) | at0.5 {'TP': 594, 'FP': 1075, 'P': 0.3559, 'R': 0.8522}
PoN_af001 | v1 HG008N-added graph e064 (VCF, PROB>=0.5) | GRCh38 FP | 0.854 | 0.854 0.854 0.854 0.854 | 1.000 1.000 0.993   n/a | 0.911 (0.979, 0.852) | at0.5 {'TP': 595, 'FP': 18, 'P': 0.9706, 'R': 0.8537}
ownPoN | v1 e053 own PoN VCF | GRCh38 FP | 0.805 | 0.805 0.805 0.805 0.805 | 0.559 0.555 0.532   n/a | 0.643 (0.541, 0.793) | at0.5 {'TP': 561, 'FP': 512, 'P': 0.5228, 'R': 0.8049}
ownPoN | v1 HG008N-added own PoN VCF | GRCh38 FP | 0.806 | 0.806 0.806 0.806 0.806 | 1.000 1.000 0.979   n/a | 0.881 (0.979, 0.801) | at0.5 {'TP': 562, 'FP': 22, 'P': 0.9623, 'R': 0.8063}
offref {
"v1_e053_graph_calls_ge0.5": 19,
"v1_offref_candidates_chr1": 16018,
"HG008_Illumina_SNV_base": {
"n": 10295,
"ge0_5": 141
},
"HG008_Illumina_SNV_scalars": {
"n": 10295,
"ge0_5": 91
},
"HG008_Illumina_SNV_keephard_w100": {
"n": 10295,
"ge0_5": 1216
},
"HG008_Illumina_SNV_allnon_w100": {
"n": 10295,
"ge0_5": 553
}
}
fp_composition_noPoN {
"noPoN | v2 base AF>=0.0 R=0.5": {
"thr": 0.4385,
"germline": 1039,
"non": 619,
"offref": 215
},
"noPoN | v2 base AF>=0.0 R=0.8": {
"thr": 0.2302,
"germline": 3471,
"non": 1450,
"offref": 650
},
"noPoN | v2 base AF>=0.0 R=0.87": {
"thr": 0.1419,
"germline": 4971,
"non": 2156,
"offref": 956
},
"noPoN | v2 base AF>=0.0 R=0.9": {
"thr": 0.0872,
"germline": 5658,
"non": 3017,
"offref": 1275
},
"noPoN | v2 scalars AF>=0.0 R=0.5": {
"thr": 0.4373,
"germline": 1016,
"non": 539,
"offref": 151
},
"noPoN | v2 scalars AF>=0.0 R=0.8": {
"thr": 0.2006,
"germline": 3671,
"non": 1651,
"offref": 603
},
"noPoN | v2 scalars AF>=0.0 R=0.87": {
"thr": 0.0902,
"germline": 5162,
"non": 3204,
"offref": 1119
},
"noPoN | v2 scalars AF>=0.0 R=0.9": {
"thr": 0.052,
"germline": 5681,
"non": 4715,
"offref": 1476
},
"noPoN | v2 keephard_w100 AF>=0.0 R=0.5": {
"thr": 0.9014,
"germline": 1916,
"non": 107,
"offref": 22
},
"noPoN | v2 keephard_w100 AF>=0.0 R=0.8": {
"thr": 0.8465,
"germline": 4125,
"non": 279,
"offref": 97
},
"noPoN | v2 keephard_w100 AF>=0.0 R=0.87": {
"thr": 0.7664,
"germline": 5266,
"non": 657,
"offref": 311
},
"noPoN | v2 keephard_w100 AF>=0.0 R=0.9": {
"thr": 0.6778,
"germline": 5687,
"non": 1122,
"offref": 593
},
"noPoN | v2 allnon_w100 AF>=0.0 R=0.5": {
"thr": 0.9046,
"germline": 1581,
"non": 208,
"offref": 217
},
"noPoN | v2 allnon_w100 AF>=0.0 R=0.8": {
"thr": 0.7941,
"germline": 4119,
"non": 368,
"offref": 357
},
"noPoN | v2 allnon_w100 AF>=0.0 R=0.87": {
"thr": 0.6244,
"germline": 5108,
"non": 503,
"offref": 462
},
"noPoN | v2 allnon_w100 AF>=0.0 R=0.9": {
"thr": 0.0973,
"germline": 6186,
"non": 1117,
"offref": 888
},
"noPoN | v1 e067 R=0.5": {
"thr": 0.8972,
"germline": 3199,
"non": 0
},
"noPoN | v1 e067 R=0.8": {
"thr": 0.8476,
"germline": 4810,
"non": 0
},
"noPoN | v1 e067 R=0.87": {
"thr": 0.4733,
"germline": 5178,
"non": 100
},
"noPoN | v1 e067 R=0.9": {
"thr": 0.2406,
"germline": 5309,
"non": 150
}
}
fp_composition_PoN_repo {
"PoN_repo | v2 base AF>=0.0 R=0.5": {
"thr": 0.4262,
"germline": 92,
"non": 239,
"offref": 226
},
"PoN_repo | v2 base AF>=0.0 R=0.8": {
"thr": 0.1419,
"germline": 375,
"non": 630,
"offref": 956
},
"PoN_repo | v2 base AF>=0.0 R=0.87": null,
"PoN_repo | v2 scalars AF>=0.0 R=0.5": {
"thr": 0.4269,
"germline": 91,
"non": 191,
"offref": 162
},
"PoN_repo | v2 scalars AF>=0.0 R=0.8": {
"thr": 0.0902,
"germline": 399,
"non": 881,
"offref": 1119
},
"PoN_repo | v2 scalars AF>=0.0 R=0.87": null,
"PoN_repo | v2 keephard_w100 AF>=0.0 R=0.5": {
"thr": 0.8959,
"germline": 177,
"non": 38,
"offref": 26
},
"PoN_repo | v2 keephard_w100 AF>=0.0 R=0.8": {
"thr": 0.7487,
"germline": 419,
"non": 246,
"offref": 370
},
"PoN_repo | v2 keephard_w100 AF>=0.0 R=0.87": null,
"PoN_repo | v2 allnon_w100 AF>=0.0 R=0.5": {
"thr": 0.8965,
"germline": 137,
"non": 67,
"offref": 233
},
"PoN_repo | v2 allnon_w100 AF>=0.0 R=0.8": {
"thr": 0.5519,
"germline": 400,
"non": 169,
"offref": 527
},
"PoN_repo | v2 allnon_w100 AF>=0.0 R=0.87": null,
"PoN_repo | v1 e067 R=0.5": {
"thr": 0.8957,
"germline": 292,
"non": 0
},
"PoN_repo | v1 e067 R=0.8": {
"thr": 0.415,
"germline": 422,
"non": 50
},
"PoN_repo | v1 e067 R=0.87": null
}
pon_rule_vs_v1_own_filter(e053 linear calls) {
"('own_removed', 'repo_removed', 'af001_removed')": 4487,
"('own_removed', 'repo_removed', 'af001_kept')": 639,
"('own_kept', 'repo_kept', 'af001_kept')": 1050,
"('own_kept', 'repo_removed', 'af001_removed')": 32,
"('own_kept', 'repo_removed', 'af001_kept')": 32
}
