new lookups 576; truths 697

== PoN floor 0.0001: truths tagged 60
run | rule (threshold) | no PoN: P / R / F1 (TP, FP) | PoN: P / R / F1 (TP, FP)
Illumina_allnon_sqrt_b1024       | threshold_t    (0.533) | 0.218 / 0.341 / 0.266 (238, 852) | 0.702 / 0.331 / 0.450 (231, 98)
Illumina_allnon_sqrt_b1024       | argmax         (-) | 0.187 / 0.428 / 0.261 (298, 1292) | 0.644 / 0.415 / 0.504 (289, 160)
Illumina_allnon_sqrt_b1024       | val_recall_0.9 (0.254) | 0.109 / 0.857 / 0.193 (597, 4879) | 0.475 / 0.824 / 0.602 (574, 635)
Illumina_allnon_sqrt_b1024       | max F1 over thresholds with the PoN: 0.616 (P 0.517 R 0.760 @ 0.324)
Illumina_allnon_w1_200_10_b1024  | threshold_t    (0.772) | 0.188 / 0.333 / 0.240 (232, 1001) | 0.608 / 0.327 / 0.425 (228, 147)
Illumina_allnon_w1_200_10_b1024  | argmax         (-) | 0.109 / 0.813 / 0.192 (567, 4639) | 0.450 / 0.785 / 0.572 (547, 668)
Illumina_allnon_w1_200_10_b1024  | val_recall_0.9 (0.383) | 0.101 / 0.869 / 0.180 (606, 5415) | 0.430 / 0.836 / 0.568 (583, 772)
Illumina_allnon_w1_200_10_b1024  | max F1 over thresholds with the PoN: 0.590 (P 0.502 R 0.714 @ 0.595)
Illumina_nopartial_af008         | threshold_t    (0.936) | 0.184 / 0.397 / 0.252 (277, 1228) | 0.609 / 0.385 / 0.471 (268, 172)
Illumina_nopartial_af008         | argmax         (-) | 0.099 / 0.900 / 0.178 (627, 5735) | 0.443 / 0.862 / 0.585 (601, 756)
Illumina_nopartial_af008         | val_recall_0.9 (0.828) | 0.109 / 0.822 / 0.193 (573, 4664) | 0.477 / 0.793 / 0.596 (553, 607)
Illumina_nopartial_af008         | max F1 over thresholds with the PoN: 0.606 (P 0.513 R 0.740 @ 0.872)
Illumina_nopartial_af008_nopc    | threshold_t    (0.913) | 0.145 / 0.270 / 0.188 (188, 1110) | 0.782 / 0.267 / 0.398 (186, 52)
Illumina_nopartial_af008_nopc    | argmax         (-) | 0.037 / 0.858 / 0.070 (598, 15710) | 0.469 / 0.825 / 0.598 (575, 650)
Illumina_nopartial_af008_nopc    | val_recall_0.9 (0.533) | 0.038 / 0.836 / 0.073 (583, 14593) | 0.487 / 0.805 / 0.607 (561, 590)
Illumina_nopartial_af008_nopc    | max F1 over thresholds with the PoN: 0.630 (P 0.589 R 0.677 @ 0.665)
PacBio_allnon_sqrt_b1024         | threshold_t    (0.596) | 0.286 / 0.416 / 0.339 (290, 723) | 0.729 / 0.409 / 0.524 (285, 106)
PacBio_allnon_sqrt_b1024         | argmax         (-) | 0.237 / 0.502 / 0.322 (350, 1127) | 0.684 / 0.494 / 0.573 (344, 159)
PacBio_allnon_sqrt_b1024         | val_recall_0.9 (0.145) | 0.110 / 0.851 / 0.195 (593, 4777) | 0.487 / 0.825 / 0.613 (575, 605)
PacBio_allnon_sqrt_b1024         | max F1 over thresholds with the PoN: 0.631 (P 0.547 R 0.745 @ 0.255)
ONT_allnon_sqrt_b1024            | threshold_t    (0.571) | 0.227 / 0.260 / 0.242 (181, 615) | 0.663 / 0.257 / 0.370 (179, 91)
ONT_allnon_sqrt_b1024            | argmax         (-) | 0.189 / 0.380 / 0.253 (265, 1136) | 0.606 / 0.376 / 0.464 (262, 170)
ONT_allnon_sqrt_b1024            | val_recall_0.9 (0.148) | 0.104 / 0.868 / 0.186 (605, 5206) | 0.463 / 0.838 / 0.597 (584, 677)
ONT_allnon_sqrt_b1024            | max F1 over thresholds with the PoN: 0.610 (P 0.558 R 0.673 @ 0.338)
v1 e053                          | max F1 over thresholds with the PoN: 0.587 (P 0.454 R 0.829)

== PoN floor 0.001: truths tagged 46
run | rule (threshold) | no PoN: P / R / F1 (TP, FP) | PoN: P / R / F1 (TP, FP)
Illumina_allnon_sqrt_b1024       | threshold_t    (0.533) | 0.218 / 0.341 / 0.266 (238, 852) | 0.601 / 0.334 / 0.429 (233, 155)
Illumina_allnon_sqrt_b1024       | argmax         (-) | 0.187 / 0.428 / 0.261 (298, 1292) | 0.544 / 0.419 / 0.473 (292, 245)
Illumina_allnon_sqrt_b1024       | val_recall_0.9 (0.254) | 0.109 / 0.857 / 0.193 (597, 4879) | 0.380 / 0.838 / 0.523 (584, 951)
Illumina_allnon_sqrt_b1024       | max F1 over thresholds with the PoN: 0.541 (P 0.417 R 0.772 @ 0.324)
Illumina_allnon_w1_200_10_b1024  | threshold_t    (0.772) | 0.188 / 0.333 / 0.240 (232, 1001) | 0.535 / 0.329 / 0.407 (229, 199)
Illumina_allnon_w1_200_10_b1024  | argmax         (-) | 0.109 / 0.813 / 0.192 (567, 4639) | 0.367 / 0.798 / 0.503 (556, 958)
Illumina_allnon_w1_200_10_b1024  | val_recall_0.9 (0.383) | 0.101 / 0.869 / 0.180 (606, 5415) | 0.347 / 0.851 / 0.493 (593, 1117)
Illumina_allnon_w1_200_10_b1024  | max F1 over thresholds with the PoN: 0.524 (P 0.412 R 0.719 @ 0.600)
Illumina_nopartial_af008         | threshold_t    (0.936) | 0.184 / 0.397 / 0.252 (277, 1228) | 0.524 / 0.390 / 0.447 (272, 247)
Illumina_nopartial_af008         | argmax         (-) | 0.099 / 0.900 / 0.178 (627, 5735) | 0.353 / 0.878 / 0.503 (612, 1124)
Illumina_nopartial_af008         | val_recall_0.9 (0.828) | 0.109 / 0.822 / 0.193 (573, 4664) | 0.382 / 0.805 / 0.518 (561, 906)
Illumina_nopartial_af008         | max F1 over thresholds with the PoN: 0.539 (P 0.434 R 0.710 @ 0.890)
Illumina_nopartial_af008_nopc    | threshold_t    (0.913) | 0.145 / 0.270 / 0.188 (188, 1110) | 0.727 / 0.267 / 0.390 (186, 70)
Illumina_nopartial_af008_nopc    | argmax         (-) | 0.037 / 0.858 / 0.070 (598, 15710) | 0.380 / 0.838 / 0.523 (584, 952)
Illumina_nopartial_af008_nopc    | val_recall_0.9 (0.533) | 0.038 / 0.836 / 0.073 (583, 14593) | 0.395 / 0.816 / 0.533 (569, 871)
Illumina_nopartial_af008_nopc    | max F1 over thresholds with the PoN: 0.585 (P 0.569 R 0.603 @ 0.744)
PacBio_allnon_sqrt_b1024         | threshold_t    (0.596) | 0.286 / 0.416 / 0.339 (290, 723) | 0.658 / 0.412 / 0.507 (287, 149)
PacBio_allnon_sqrt_b1024         | argmax         (-) | 0.237 / 0.502 / 0.322 (350, 1127) | 0.605 / 0.498 / 0.546 (347, 227)
PacBio_allnon_sqrt_b1024         | val_recall_0.9 (0.145) | 0.110 / 0.851 / 0.195 (593, 4777) | 0.387 / 0.835 / 0.529 (582, 921)
PacBio_allnon_sqrt_b1024         | max F1 over thresholds with the PoN: 0.574 (P 0.523 R 0.636 @ 0.370)
ONT_allnon_sqrt_b1024            | threshold_t    (0.571) | 0.227 / 0.260 / 0.242 (181, 615) | 0.591 / 0.257 / 0.358 (179, 124)
ONT_allnon_sqrt_b1024            | argmax         (-) | 0.189 / 0.380 / 0.253 (265, 1136) | 0.525 / 0.376 / 0.438 (262, 237)
ONT_allnon_sqrt_b1024            | val_recall_0.9 (0.148) | 0.104 / 0.868 / 0.186 (605, 5206) | 0.369 / 0.848 / 0.515 (591, 1009)
ONT_allnon_sqrt_b1024            | max F1 over thresholds with the PoN: 0.548 (P 0.460 R 0.677 @ 0.338)
v1 e053                          | max F1 over thresholds with the PoN: 0.505 (P 0.361 R 0.844)
